[mutex.cc : 452] RAW: Lock blocking 0x600000b882b8   @
